 ABBA exists 
 ABBE exists 
 ABCS exists 
 ABED exists 
 ABET exists 
 ABLE exists 
 ABLY exists 
 ABUT exists 
 ACED exists 
 ACES exists 
 ACHE exists 
 ACHY exists 
 ACID exists 
 ACME exists 
 ACNE exists 
 ACRE exists 
 ACTA exists 
 ADDS exists 
 ADIT exists 
 ADZE exists 
 AEON exists 
 AERY exists 
 AESC exists 
 AFAR exists 
 ABBA exists 
 ABBE exists 
 ABCS exists 
 ABED exists 
 ABET exists 
 ABLE exists 
 ABLY exists 
 ABUT exists 
 ACED exists 
 ACES exists 
 ACHE exists 
 ACHY exists 
 ACID exists 
 ACME exists 
 ACNE exists 
 ACRE exists 
 ACTA exists 
 ADDS exists 
 ADIT exists 
 ADZE exists 
 AEON exists 
 AERY exists 
 AESC exists 
 AFAR exists 
 AGED exists 
 AGEE exists 
 AGES exists 
 AGIN exists 
 AGOG exists 
 AGUE exists 
 AHEM exists 
 AHOY exists 
 AIDE exists 
 AILS exists 
 AIMS exists 
 AIRY exists 
 AITS exists 
 AJAR exists 
 AJEE exists 
 AKIN exists 
 ALAR exists 
 ALAS exists 
 ALBS exists 
 ALEE exists 
 ALES exists 
 ALIT exists 
 ALKY exists 
 ALLS exists 
 ALLY exists 
 ALMS exists 
 ALOT exists 
 ALSO exists 
 ALTO exists 
 ALUM exists 
 AMBO exists 
 AMEN exists 
 AMID exists 
 AMMO exists 
 AMOK exists 
 AMPS exists 
 ANAL exists 
 ANAS exists 
 ANDS exists 
 ANEW exists 
 ANON exists 
 ANTE exists 
 ANTI exists 
 ANTS exists 
 AONE exists 
 APED exists 
 APES exists 
 APEX exists 
 APPS exists 
 APSE exists 
 APTS exists 
 AQUA exists 
 ARCA exists 
 ARCH exists 
 AREA exists 
 ARIA exists 
 ARID exists 
 ARIL exists 
 ARKS exists 
 ARMY exists 
 ARTY exists 
 ASEA exists 
 ASER exists 
 ASHY exists 
 ASKS exists 
 ASPS exists 
 ATAR exists 
 ATED exists 
 ATES exists 
 ATOM exists 
 ATOP exists 
 ATTS exists 
 AUNT exists 
 AURA exists 
 AUTI exists 
 AUTO exists 
 AVER exists 
 AVID exists 
 AVOW exists 
 AWAY exists 
 AWED exists 
 AWES exists 
 AWLS exists 
 AWNS exists 
 AWRY exists 
 AXED exists 
 AXES exists 
 AXIS exists 
 AXLE exists 
 AYAH exists 
 AYES exists 
 AYRE exists 
 BABE exists 
 BABY exists 
 BACK exists 
 BADE exists 
 BADS exists 
 BAIL exists 
 BAIT exists 
 BAKE exists 
 BALD exists 
 BALE exists 
 BALK exists 
 BALL exists 
 BALM exists 
 BAMS exists 
 BAND exists 
 BANE exists 
 BANG exists 
 BANK exists 
 BANT exists 
 BARB exists 
 BARD exists 
 BARE exists 
 BARF exists 
 BARK exists 
 BARM exists 
 BARN exists 
 BARS exists 
 BASE exists 
 BASH exists 
 BASK exists 
 BASS exists 
 BATE exists 
 BATH exists 
 BATS exists 
 BATT exists 
 BAUD exists 
 BAWD exists 
 BAWL exists 
 BAYS exists 
 BEAD exists 
 BEAK exists 
 BEAM exists 
 BEAN exists 
 BEAR exists 
 BEAT exists 
 BEAU exists 
 BECK exists 
 BEEF exists 
 BEEN exists 
 BEEP exists 
 BEER exists 
 BEES exists 
 BEET exists 
 BEGS exists 
 BELL exists 
 BELT exists 
 BEND exists 
 BENT exists 
 BERG exists 
 BERM exists 
 BEST exists 
 BETA exists 
 BETS exists 
 BEVY exists 
 BIAS exists 
 BIBB exists 
 BICE exists 
 BIDE exists 
 BIDS exists 
 BIER exists 
 BIFF exists 
 BIGS exists 
 BIKE exists 
 BILE exists 
 BILK exists 
 BILL exists 
 BIND exists 
 BING exists 
 BIOG exists 
 BIRD exists 
 BIRI exists 
 BIRR exists 
 BITE exists 
 BITS exists 
 BLAB exists 
 BLAH exists 
 BLAT exists 
 BLEB exists 
 BLED exists 
 BLEW exists 
 BLIP exists 
 BLOB exists 
 BLOC exists 
 BLOG exists 
 BLOT exists 
 BLOW exists 
 BLUB exists 
 BLUE exists 
 BLUR exists 
 BOAR exists 
 BOAT exists 
 BOBS exists 
 BODE exists 
 BODS exists 
 BODY exists 
 BOFF exists 
 BOGS exists 
 BOGY exists 
 BOIL exists 
 BOLA exists 
 BOLD exists 
 BOLE exists 
 BOLO exists 
 BOLT exists 
 BOMB exists 
 BOND exists 
 BONE exists 
 BONG exists 
 BONK exists 
 BONY exists 
 BOOB exists 
 BOOK exists 
 BOOM exists 
 BOON exists 
 BOOR exists 
 BOOS exists 
 BOOT exists 
 BOPS exists 
 BORE exists 
 BORN exists 
 BORT exists 
 BOSH exists 
 BOSK exists 
 BOSS exists 
 BOTA exists 
 BOTH exists 
 BOUT exists 
 BOWL exists 
 BOWS exists 
 BOXY exists 
 BOYS exists 
 BOZO exists 
 BRAD exists 
 BRAG exists 
 BRAH exists 
 BRAN exists 
 BRAS exists 
 BRAT exists 
 BRAY exists 
 BRED exists 
 BREW exists 
 BRIG exists 
 BRIM exists 
 BRIO exists 
 BROS exists 
 BROW exists 
 BRUH exists 
 BSED exists 
 BUCK exists 
 BUDD exists 
 BUDS exists 
 BUFF exists 
 BUGS exists 
 BULB exists 
 BULK exists 
 BULL exists 
 BUMP exists 
 BUMS exists 
 BUNG exists 
 BUNK exists 
 BUNT exists 
 BUOY exists 
 BURB exists 
 BURG exists 
 BURL exists 
 BURN exists 
 BURP exists 
 BURR exists 
 BURY exists 
 BUSH exists 
 BUSS exists 
 BUST exists 
 BUSY exists 
 BUTS exists 
 BUTT exists 
 BUYS exists 
 BUZZ exists 
 BYER exists 
 BYES exists 
 BYTE exists 
 CABS exists 
 CADS exists 
 CAFE exists 
 CAGE exists 
 CAGY exists 
 CAKE exists 
 CAKY exists 
 CALF exists 
 CALL exists 
 CALM exists 
 CAME exists 
 CAMP exists 
 CAMS exists 
 CANE exists 
 CANT exists 
 CANY exists 
 CAPE exists 
 CARD exists 
 CARE exists 
 CARN exists 
 CARP exists 
 CARS exists 
 CART exists 
 CASA exists 
 CASE exists 
 CASH exists 
 CASK exists 
 CAST exists 
 CAVE exists 
 CAVY exists 
 CAWS exists 
 CAYS exists 
 CBSS exists 
 CCSS exists 
 CEDE exists 
 CEIL exists 
 CELL exists 
 CENT exists 
 CETA exists 
 CETE exists 
 CHAP exists 
 CHAR exists 
 CHAT exists 
 CHAW exists 
 CHEF exists 
 CHER exists 
 CHEW exists 
 CHIC exists 
 CHID exists 
 CHIN exists 
 CHIP exists 
 CHIT exists 
 CHOP exists 
 CHOU exists 
 CHOW exists 
 CHUG exists 
 CHUM exists 
 CIAO exists 
 CINE exists 
 CITE exists 
 CITY exists 
 CLAD exists 
 CLAM exists 
 CLAN exists 
 CLAP exists 
 CLAW exists 
 CLAY exists 
 CLEF exists 
 CLIP exists 
 CLOD exists 
 CLOG exists 
 CLOP exists 
 CLOT exists 
 CLOY exists 
 CLUB exists 
 CLUE exists 
 COAL exists 
 COAT exists 
 COAX exists 
 COBS exists 
 COCK exists 
 CODA exists 
 CODE exists 
 COED exists 
 COGS exists 
 COIF exists 
 COIL exists 
 COIN exists 
 COKE exists 
 COKY exists 
 COLA exists 
 COLD exists 
 COLE exists 
 COLT exists 
 COMA exists 
 COMB exists 
 COME exists 
 COMP exists 
 CONE exists 
 CONK exists 
 CONY exists 
 COOK exists 
 COOL exists 
 COOP exists 
 COOS exists 
 COPE exists 
 COPS exists 
 COPY exists 
 CORD exists 
 CORE exists 
 CORK exists 
 CORM exists 
 CORN exists 
 COSH exists 
 COST exists 
 COTE exists 
 COTS exists 
 COUP exists 
 COVE exists 
 COWL exists 
 COWS exists 
 COYS exists 
 COZY exists 
 CRAB exists 
 CRAG exists 
 CRAM exists 
 CRAP exists 
 CRAW exists 
 CREW exists 
 CRIB exists 
 CROP exists 
 CROW exists 
 CRUD exists 
 CRUS exists 
 CRUX exists 
 CUBE exists 
 CUBS exists 
 CUDS exists 
 CUED exists 
 CUES exists 
 CUFF exists 
 CULL exists 
 CULM exists 
 CULT exists 
 CUPS exists 
 CURB exists 
 CURD exists 
 CURE exists 
 CURL exists 
 CURS exists 
 CURT exists 
 CUSP exists 
 CUSS exists 
 CUTE exists 
 CYST exists 
 CZAR exists 
 DABS exists 
 DADS exists 
 DAFT exists 
 DAIS exists 
 DALE exists 
 DAME exists 
 DAMN exists 
 DAMP exists 
 DAMS exists 
 DANG exists 
 DANK exists 
 DAPS exists 
 DARE exists 
 DARK exists 
 DARN exists 
 DART exists 
 DASH exists 
 DATA exists 
 DATE exists 
 DAUB exists 
 DAWN exists 
 DAYE exists 
 DAYS exists 
 DAZE exists 
 DEAD exists 
 DEAF exists 
 DEAL exists 
 DEAN exists 
 DEAR exists 
 DEBT exists 
 DECK exists 
 DEED exists 
 DEEM exists 
 DEEN exists 
 DEEP exists 
 DEER exists 
 DEFT exists 
 DEFY exists 
 DELI exists 
 DELL exists 
 DEMO exists 
 DENE exists 
 DENT exists 
 DENY exists 
 DERE exists 
 DESK exists 
 DEWS exists 
 DEWY exists 
 DIAD exists 
 DIAL exists 
 DIBS exists 
 DICE exists 
 DICK exists 
 DIDO exists 
 DIED exists 
 DIEM exists 
 DIES exists 
 DIET exists 
 DIKE exists 
 DIME exists 
 DIMS exists 
 DINE exists 
 DING exists 
 DINS exists 
 DINT exists 
 DIPS exists 
 DIPT exists 
 DIRE exists 
 DIRK exists 
 DIRT exists 
 DISC exists 
 DISH exists 
 DISK exists 
 DITZ exists 
 DIVA exists 
 DIVE exists 
 DOCK exists 
 DOCS exists 
 DODO exists 
 DOER exists 
 DOES exists 
 DOFF exists 
 DOGE exists 
 DOGY exists 
 DOLE exists 
 DOLL exists 
 DOLT exists 
 DOME exists 
 DONE exists 
 DONG exists 
 DONS exists 
 DONT exists 
 DOOM exists 
 DOOR exists 
 DOPE exists 
 DOPY exists 
 DORK exists 
 DORM exists 
 DORY exists 
 DOSE exists 
 DOSS exists 
 DOST exists 
 DOTE exists 
 DOTH exists 
 DOTS exists 
 DOUR exists 
 DOWN exists 
 DOXY exists 
 DOZE exists 
 DOZY exists 
 DRAB exists 
 DRAG exists 
 DRAM exists 
 DRAT exists 
 DRAW exists 
 DRAY exists 
 DREK exists 
 DREW exists 
 DRIP exists 
 DROP exists 
 DRUB exists 
 DRUG exists 
 DRUM exists 
 DRYS exists 
 DUAL exists 
 DUBS exists 
 DUCK exists 
 DUCT exists 
 DUDE exists 
 DUDS exists 
 DUEL exists 
 DUER exists 
 DUET exists 
 DUFF exists 
 DUGS exists 
 DUKE exists 
 DULL exists 
 DULY exists 
 DUMB exists 
 DUMP exists 
 DUNE exists 
 DUNG exists 
 DUNK exists 
 DUNS exists 
 DUOS exists 
 DUPE exists 
 DUSK exists 
 DUST exists 
 DUTY exists 
 DYAD exists 
 DYED exists 
 DYES exists 
 DYKE exists 
 EACH exists 
 EARL exists 
 EARN exists 
 EARS exists 
 EASE exists 
 EAST exists 
 EASY exists 
 EAVE exists 
 EBBS exists 
 EBON exists 
 ECCE exists 
 ECHO exists 
 ECRU exists 
 EDDY exists 
 EDGE exists 
 EDGY exists 
 EDIT exists 
 EGAD exists 
 EGGS exists 
 EGGY exists 
 EGIS exists 
 EGOS exists 
 EKED exists 
 EKES exists 
 ELAN exists 
 ELDS exists 
 ELEC exists 
 ELFS exists 
 ELLS exists 
 ELSE exists 
 EMIR exists 
 EMIT exists 
 ENDS exists 
 ENVY exists 
 EONS exists 
 EPEE exists 
 EPIC exists 
 ERAS exists 
 ERGO exists 
 ERRS exists 
 ESNE exists 
 ESPY exists 
 ETCH exists 
 ETNA exists 
 ETSS exists 
 EURO exists 
 EVEN exists 
 EVER exists 
 EVES exists 
 EVIL exists 
 EWER exists 
 EXAM exists 
 EXEC exists 
 EXES exists 
 EXIT exists 
 EXPO exists 
 EYEN exists 
 EYER exists 
 EYNE exists 
 FACE exists 
 FACT exists 
 FADE exists 
 FADS exists 
 FAGS exists 
 FAIL exists 
 FAIN exists 
 FAIR exists 
 FAKE exists 
 FALL exists 
 FAME exists 
 FANG exists 
 FANS exists 
 FARE exists 
 FARM exists 
 FART exists 
 FAST exists 
 FATE exists 
 FATS exists 
 FAUX exists 
 FAVE exists 
 FAVS exists 
 FAWN exists 
 FAYE exists 
 FAYS exists 
 FAZE exists 
 FEAR exists 
 FEAT exists 
 FEDS exists 
 FEED exists 
 FEEL exists 
 FEES exists 
 FEET exists 
 FELL exists 
 FELT exists 
 FEND exists 
 FERN exists 
 FEST exists 
 FETE exists 
 FEUD exists 
 FEWS exists 
 FIAT exists 
 FIBS exists 
 FIDO exists 
 FIFE exists 
 FIGS exists 
 FILE exists 
 FILL exists 
 FILM exists 
 FILS exists 
 FIND exists 
 FINE exists 
 FINI exists 
 FINK exists 
 FINS exists 
 FIRE exists 
 FIRM exists 
 FIRN exists 
 FIRS exists 
 FISH exists 
 FIST exists 
 FITS exists 
 FIVE exists 
 FIZZ exists 
 FLAB exists 
 FLAG exists 
 FLAK exists 
 FLAM exists 
 FLAN exists 
 FLAP exists 
 FLAT exists 
 FLAW exists 
 FLAX exists 
 FLAY exists 
 FLEA exists 
 FLED exists 
 FLEE exists 
 FLEW exists 
 FLEX exists 
 FLIC exists 
 FLIP exists 
 FLIT exists 
 FLOE exists 
 FLOG exists 
 FLOP exists 
 FLOW exists 
 FLUB exists 
 FLUE exists 
 FLUS exists 
 FLUX exists 
 FLYS exists 
 FOAL exists 
 FOAM exists 
 FOBS exists 
 FOCI exists 
 FOES exists 
 FOGS exists 
 FOGY exists 
 FOIL exists 
 FOLD exists 
 FOLK exists 
 FOND exists 
 FONT exists 
 FOOD exists 
 FOOL exists 
 FOOT exists 
 FOPS exists 
 FORA exists 
 FORD exists 
 FORE exists 
 FORK exists 
 FORM exists 
 FORT exists 
 FOUL exists 
 FOUR exists 
 FOWL exists 
 FOXY exists 
 FRAT exists 
 FRAY exists 
 FRED exists 
 FREE exists 
 FRET exists 
 FROG exists 
 FROM exists 
 FROS exists 
 FUCK exists 
 FUEL exists 
 FULL exists 
 FUME exists 
 FUMY exists 
 FUND exists 
 FUNK exists 
 FUNS exists 
 FURL exists 
 FURS exists 
 FURY exists 
 FUSE exists 
 FUSS exists 
 FUZZ exists 
 GABS exists 
 GADS exists 
 GAFF exists 
 GAGA exists 
 GAGE exists 
 GAGS exists 
 GAIN exists 
 GAIT exists 
 GALA exists 
 GALE exists 
 GALL exists 
 GAME exists 
 GAMP exists 
 GAMS exists 
 GAMY exists 
 GANG exists 
 GAPE exists 
 GAPS exists 
 GARB exists 
 GARS exists 
 GASH exists 
 GASP exists 
 GATE exists 
 GATS exists 
 GAUD exists 
 GAVE exists 
 GAWK exists 
 GAYS exists 
 GAZE exists 
 GEAR exists 
 GEED exists 
 GEEK exists 
 GEES exists 
 GELD exists 
 GELS exists 
 GELT exists 
 GEMS exists 
 GENE exists 
 GENT exists 
 GERM exists 
 GEST exists 
 GETS exists 
 GHEE exists 
 GIBE exists 
 GIFT exists 
 GIGS exists 
 GILD exists 
 GILL exists 
 GILT exists 
 GIMP exists 
 GINS exists 
 GIRD exists 
 GIRL exists 
 GIRT exists 
 GIST exists 
 GITS exists 
 GIVE exists 
 GLAD exists 
 GLAM exists 
 GLEE exists 
 GLEN exists 
 GLIB exists 
 GLIM exists 
 GLOB exists 
 GLOM exists 
 GLOP exists 
 GLOW exists 
 GLUE exists 
 GLUM exists 
 GLUT exists 
 GNAT exists 
 GNAW exists 
 GOAD exists 
 GOAL exists 
 GOAT exists 
 GOBS exists 
 GODS exists 
 GOER exists 
 GOES exists 
 GOLD exists 
 GOLF exists 
 GONE exists 
 GONG exists 
 GOOD exists 
 GOOF exists 
 GOOK exists 
 GOON exists 
 GOOP exists 
 GOOS exists 
 GORE exists 
 GORY exists 
 GOSH exists 
 GOUT exists 
 GOWN exists 
 GRAB exists 
 GRAD exists 
 GRAM exists 
 GRAY exists 
 GREW exists 
 GREY exists 
 GRID exists 
 GRIM exists 
 GRIN exists 
 GRIP exists 
 GRIT exists 
 GROG exists 
 GROW exists 
 GRUB exists 
 GUCK exists 
 GUFF exists 
 GULF exists 
 GULL exists 
 GULP exists 
 GUMP exists 
 GUMS exists 
 GUNK exists 
 GURU exists 
 GUSH exists 
 GUST exists 
 GUTS exists 
 GUVS exists 
 GUYS exists 
 GYMS exists 
 GYRE exists 
 GYRO exists 
 HACK exists 
 HAFT exists 
 HAGS exists 
 HAHA exists 
 HAIL exists 
 HAIR exists 
 HAJI exists 
 HALE exists 
 HALF exists 
 HALL exists 
 HALO exists 
 HALT exists 
 HAMS exists 
 HAND exists 
 HANG exists 
 HANK exists 
 HAPS exists 
 HARD exists 
 HARE exists 
 HARK exists 
 HARM exists 
 HARP exists 
 HASH exists 
 HASP exists 
 HAST exists 
 HATE exists 
 HATH exists 
 HATS exists 
 HAUL exists 
 HAVE exists 
 HAWK exists 
 HAWS exists 
 HAZE exists 
 HAZY exists 
 HEAD exists 
 HEAL exists 
 HEAP exists 
 HEAR exists 
 HEAT exists 
 HEED exists 
 HEEL exists 
 HEFT exists 
 HEIR exists 
 HELD exists 
 HELL exists 
 HELM exists 
 HELP exists 
 HEMP exists 
 HEMS exists 
 HENS exists 
 HEPS exists 
 HERB exists 
 HERD exists 
 HERE exists 
 HERO exists 
 HERS exists 
 HEWN exists 
 HEWS exists 
 HICK exists 
 HIDE exists 
 HIED exists 
 HIES exists 
 HIFI exists 
 HIGH exists 
 HIKE exists 
 HILL exists 
 HILT exists 
 HIND exists 
 HINT exists 
 HIPS exists 
 HIRE exists 
 HISS exists 
 HITS exists 
 HIVE exists 
 HMDS exists 
 HOAR exists 
 HOAX exists 
 HOBO exists 
 HOBS exists 
 HOCK exists 
 HODS exists 
 HOED exists 
 HOER exists 
 HOGS exists 
 HOKE exists 
 HOLD exists 
 HOLE exists 
 HOLM exists 
 HOLY exists 
 HOME exists 
 HONE exists 
 HONK exists 
 HOOD exists 
 HOOF exists 
 HOOK exists 
 HOOP exists 
 HOOT exists 
 HOPE exists 
 HORA exists 
 HORN exists 
 HOSE exists 
 HOST exists 
 HOUR exists 
 HOWL exists 
 HOWS exists 
 HUBS exists 
 HUED exists 
 HUES exists 
 HUFF exists 
 HUGE exists 
 HUGS exists 
 HULK exists 
 HULL exists 
 HUMP exists 
 HUNG exists 
 HUNK exists 
 HUNT exists 
 HURL exists 
 HURT exists 
 HUSH exists 
 HUSK exists 
 HUTS exists 
 HYLA exists 
 HYMN exists 
 HYPE exists 
 IAMB exists 
 ICED exists 
 ICES exists 
 ICKY exists 
 ICON exists 
 IDEA exists 
 IDED exists 
 IDLE exists 
 IDLY exists 
 IDOL exists 
 IDYL exists 
 IFFY exists 
 IKON exists 
 ILKS exists 
 ILLS exists 
 IMED exists 
 IMPS exists 
 INCH exists 
 INFO exists 
 INKS exists 
 INKY exists 
 INNS exists 
 INTO exists 
 IOTA exists 
 IRES exists 
 IRKS exists 
 IRON exists 
 ISLE exists 
 ISMS exists 
 ITCH exists 
 ITEM exists 
 IZZY exists 
 JABS exists 
 JACK exists 
 JADE exists 
 JAGS exists 
 JAIL exists 
 JAKE exists 
 JAMB exists 
 JAMS exists 
 JAPE exists 
 JARS exists 
 JAVA exists 
 JAWN exists 
 JAYS exists 
 JAZZ exists 
 JEEP exists 
 JEER exists 
 JELL exists 
 JERK exists 
 JERU exists 
 JEST exists 
 JETS exists 
 JIBB exists 
 JIBE exists 
 JIBS exists 
 JIFF exists 
 JIGS exists 
 JILT exists 
 JINX exists 
 JIVE exists 
 JOBS exists 
 JOCK exists 
 JOGS exists 
 JOHN exists 
 JOIN exists 
 JOKE exists 
 JOLE exists 
 JOLT exists 
 JOSH exists 
 JOTS exists 
 JOWL exists 
 JOYE exists 
 JOYS exists 
 JUBE exists 
 JUDI exists 
 JUDO exists 
 JUGS exists 
 JUJU exists 
 JUKE exists 
 JUMP exists 
 JUNK exists 
 JURY exists 
 JUST exists 
 JUTE exists 
 JUTS exists 
 KABS exists 
 KALE exists 
 KAYO exists 
 KEEL exists 
 KEEN exists 
 KEEP exists 
 KEGS exists 
 KELP exists 
 KENS exists 
 KENT exists 
 KEPI exists 
 KEPT exists 
 KERF exists 
 KHAN exists 
 KICK exists 
 KIDS exists 
 KILL exists 
 KILN exists 
 KILT exists 
 KIND exists 
 KINE exists 
 KING exists 
 KINK exists 
 KINS exists 
 KIPS exists 
 KISS exists 
 KITE exists 
 KITH exists 
 KITS exists 
 KLIK exists 
 KNAP exists 
 KNEE exists 
 KNEW exists 
 KNIT exists 
 KNOB exists 
 KNOT exists 
 KNOW exists 
 KOOK exists 
 KRIS exists 
 KUDO exists 
 KYAK exists 
 LABS exists 
 LACE exists 
 LACK exists 
 LACY exists 
 LADE exists 
 LADS exists 
 LADY exists 
 LAGS exists 
 LAIC exists 
 LAID exists 
 LAIN exists 
 LAIR exists 
 LAKE exists 
 LAMA exists 
 LAMB exists 
 LAME exists 
 LAMP exists 
 LAMS exists 
 LAND exists 
 LANE exists 
 LANK exists 
 LANS exists 
 LAPS exists 
 LARD exists 
 LARK exists 
 LASH exists 
 LASS exists 
 LAST exists 
 LATE exists 
 LATH exists 
 LAUD exists 
 LAVA exists 
 LAVE exists 
 LAWN exists 
 LAWS exists 
 LAYS exists 
 LAZE exists 
 LAZY exists 
 LEAD exists 
 LEAF exists 
 LEAK exists 
 LEAN exists 
 LEAP exists 
 LEAS exists 
 LEDS exists 
 LEER exists 
 LEES exists 
 LEFT exists 
 LEGS exists 
 LEIS exists 
 LEND exists 
 LENS exists 
 LENT exists 
 LEOS exists 
 LESS exists 
 LEST exists 
 LEVY exists 
 LEWD exists 
 LIAR exists 
 LICE exists 
 LICK exists 
 LIDS exists 
 LIED exists 
 LIEN exists 
 LIES exists 
 LIEU exists 
 LIFE exists 
 LIFT exists 
 LIKE exists 
 LILT exists 
 LIMB exists 
 LIME exists 
 LIMN exists 
 LIMP exists 
 LINE exists 
 LINK exists 
 LINT exists 
 LINY exists 
 LION exists 
 LIPS exists 
 LISP exists 
 LIST exists 
 LITS exists 
 LIVE exists 
 LOAD exists 
 LOAF exists 
 LOAM exists 
 LOAN exists 
 LOBE exists 
 LOBO exists 
 LOBS exists 
 LOCA exists 
 LOCH exists 
 LOCI exists 
 LOCK exists 
 LOCO exists 
 LODE exists 
 LOFT exists 
 LOGE exists 
 LOGO exists 
 LOGS exists 
 LOIN exists 
 LOLL exists 
 LONE exists 
 LONG exists 
 LOOK exists 
 LOOM exists 
 LOON exists 
 LOOP exists 
 LOOT exists 
 LOPE exists 
 LOPS exists 
 LORD exists 
 LORE exists 
 LORN exists 
 LOSE exists 
 LOSS exists 
 LOST exists 
 LOUD exists 
 LOUR exists 
 LOUS exists 
 LOUT exists 
 LOVE exists 
 LOWS exists 
 LUBE exists 
 LUCK exists 
 LUGE exists 
 LUGS exists 
 LULL exists 
 LULU exists 
 LUMP exists 
 LUNA exists 
 LUNE exists 
 LUNG exists 
 LURE exists 
 LURK exists 
 LUSH exists 
 LUST exists 
 LUTE exists 
 LYNX exists 
 LYRA exists 
 MAAM exists 
 MACE exists 
 MACK exists 
 MACR exists 
 MACS exists 
 MADE exists 
 MADS exists 
 MAGE exists 
 MAGI exists 
 MAGS exists 
 MAID exists 
 MAIL exists 
 MAIM exists 
 MAIN exists 
 MAKE exists 
 MALE exists 
 MALL exists 
 MALT exists 
 MAMA exists 
 MAMS exists 
 MANE exists 
 MANI exists 
 MANS exists 
 MANY exists 
 MAPS exists 
 MARC exists 
 MARE exists 
 MARK exists 
 MARL exists 
 MART exists 
 MASH exists 
 MASK exists 
 MASS exists 
 MAST exists 
 MATE exists 
 MATH exists 
 MAUD exists 
 MAUL exists 
 MAWS exists 
 MAXI exists 
 MAXS exists 
 MAZE exists 
 MAZY exists 
 MEAD exists 
 MEAL exists 
 MEAN exists 
 MEAR exists 
 MEAT exists 
 MEED exists 
 MEEK exists 
 MEET exists 
 MEGS exists 
 MELD exists 
 MELT exists 
 MEME exists 
 MEMO exists 
 MEND exists 
 MENU exists 
 MEOW exists 
 MERC exists 
 MERE exists 
 MESA exists 
 MESH exists 
 MESS exists 
 MEST exists 
 METE exists 
 METS exists 
 MEWL exists 
 MICE exists 
 MIDI exists 
 MIDS exists 
 MIEN exists 
 MIFF exists 
 MILD exists 
 MILE exists 
 MILK exists 
 MILL exists 
 MILT exists 
 MIME exists 
 MIND exists 
 MINE exists 
 MINI exists 
 MINK exists 
 MINS exists 
 MINT exists 
 MINX exists 
 MIRE exists 
 MIRV exists 
 MIRY exists 
 MISE exists 
 MISS exists 
 MIST exists 
 MITE exists 
 MITT exists 
 MOAN exists 
 MOAT exists 
 MOCK exists 
 MODE exists 
 MOIL exists 
 MOJO exists 
 MOKE exists 
 MOLD exists 
 MOLE exists 
 MOLL exists 
 MOLS exists 
 MOLT exists 
 MOMS exists 
 MONK exists 
 MOOD exists 
 MOON exists 
 MOOR exists 
 MOOS exists 
 MOOT exists 
 MOPE exists 
 MOPS exists 
 MOPY exists 
 MORA exists 
 MORE exists 
 MORN exists 
 MORT exists 
 MOSS exists 
 MOST exists 
 MOTE exists 
 MOTH exists 
 MOTS exists 
 MOUE exists 
 MOVE exists 
 MOWE exists 
 MOWS exists 
 MUCH exists 
 MUCK exists 
 MUDS exists 
 MUFF exists 
 MUGS exists 
 MULE exists 
 MULL exists 
 MUMM exists 
 MUMS exists 
 MUMU exists 
 MUNG exists 
 MURE exists 
 MURK exists 
 MUSE exists 
 MUSH exists 
 MUSK exists 
 MUSS exists 
 MUST exists 
 MUTE exists 
 MUTT exists 
 MYTH exists 
 NABE exists 
 NABS exists 
 NADA exists 
 NAGS exists 
 NAIL exists 
 NAME exists 
 NAPE exists 
 NAPS exists 
 NARC exists 
 NARK exists 
 NAVE exists 
 NAVY exists 
 NAYS exists 
 NAZE exists 
 NEAR exists 
 NEAT exists 
 NEBS exists 
 NECK exists 
 NEED exists 
 NEON exists 
 NERD exists 
 NESS exists 
 NEST exists 
 NETS exists 
 NEVI exists 
 NEWS exists 
 NEWT exists 
 NEXT exists 
 NICE exists 
 NICK exists 
 NIGH exists 
 NILS exists 
 NINE exists 
 NIPS exists 
 NISI exists 
 NITS exists 
 NOCK exists 
 NODE exists 
 NODS exists 
 NOED exists 
 NOGO exists 
 NOHS exists 
 NONE exists 
 NONO exists 
 NOOK exists 
 NOON exists 
 NOPE exists 
 NORM exists 
 NORS exists 
 NOSE exists 
 NOSH exists 
 NOSY exists 
 NOTE exists 
 NOTS exists 
 NOUN exists 
 NOUS exists 
 NOVA exists 
 NOVO exists 
 NOWS exists 
 NUBS exists 
 NUDE exists 
 NUKE exists 
 NULL exists 
 NUMB exists 
 NUNS exists 
 NURL exists 
 NUTS exists 
 OAFS exists 
 OAST exists 
 OATH exists 
 OBEY exists 
 OBIS exists 
 OBIT exists 
 ODDS exists 
 ODES exists 
 ODIC exists 
 ODOR exists 
 ODYL exists 
 OFFS exists 
 OGEE exists 
 OGLE exists 
 OGRE exists 
 OHED exists 
 OILS exists 
 OILY exists 
 OINK exists 
 OKAY exists 
 OLEO exists 
 OLIO exists 
 OLLA exists 
 OMEN exists 
 OMIT exists 
 ONCE exists 
 ONES exists 
 ONLY exists 
 ONTO exists 
 ONUS exists 
 ONYX exists 
 OOPS exists 
 OOZE exists 
 OOZY exists 
 OPEN exists 
 OPTS exists 
 OPUS exists 
 ORAL exists 
 ORBS exists 
 ORCA exists 
 ORCS exists 
 ORES exists 
 ORGY exists 
 ORZO exists 
 OTIC exists 
 OUCH exists 
 OUST exists 
 OVAL exists 
 OVEN exists 
 OVER exists 
 OVUM exists 
 OWED exists 
 OWES exists 
 OWLS exists 
 OWNS exists 
 OXEN exists 
 OXES exists 
 OXID exists 
 PACE exists 
 PACK exists 
 PACT exists 
 PADS exists 
 PAGE exists 
 PAID exists 
 PAIL exists 
 PAIN exists 
 PAIR exists 
 PALE exists 
 PALL exists 
 PALM exists 
 PALP exists 
 PALS exists 
 PANE exists 
 PANG exists 
 PANS exists 
 PANT exists 
 PAPA exists 
 PAPS exists 
 PARD exists 
 PARE exists 
 PARK exists 
 PART exists 
 PASH exists 
 PASS exists 
 PAST exists 
 PATE exists 
 PATH exists 
 PATS exists 
 PAVE exists 
 PAWN exists 
 PAWS exists 
 PAYS exists 
 PCSS exists 
 PEAK exists 
 PEAL exists 
 PEAN exists 
 PEAS exists 
 PEAT exists 
 PECK exists 
 PEED exists 
 PEEK exists 
 PEEL exists 
 PEEP exists 
 PEER exists 
 PEES exists 
 PEGS exists 
 PELF exists 
 PELT exists 
 PEND exists 
 PENS exists 
 PENT exists 
 PEON exists 
 PEPO exists 
 PEPS exists 
 PERC exists 
 PERK exists 
 PERM exists 
 PERT exists 
 PEST exists 
 PETS exists 
 PEWS exists 
 PFFT exists 
 PFUI exists 
 PHEW exists 
 PHIZ exists 
 PICA exists 
 PICK exists 
 PICS exists 
 PIED exists 
 PIER exists 
 PIES exists 
 PIGS exists 
 PIKE exists 
 PILE exists 
 PILL exists 
 PIMP exists 
 PINE exists 
 PING exists 
 PINK exists 
 PINT exists 
 PIPE exists 
 PIPS exists 
 PITH exists 
 PITY exists 
 PIXY exists 
 PIZI exists 
 PLAN exists 
 PLAT exists 
 PLAY exists 
 PLEA exists 
 PLEB exists 
 PLOD exists 
 PLOP exists 
 PLOT exists 
 PLOW exists 
 PLOY exists 
 PLUG exists 
 PLUM exists 
 PLUS exists 
 POCK exists 
 PODS exists 
 POEM exists 
 POET exists 
 POKE exists 
 POKY exists 
 POLE exists 
 POLL exists 
 POLO exists 
 POME exists 
 POMP exists 
 POND exists 
 PONY exists 
 POOH exists 
 POOL exists 
 POOP exists 
 POOR exists 
 POOS exists 
 POPE exists 
 PORE exists 
 PORK exists 
 PORN exists 
 PORT exists 
 POSE exists 
 POSH exists 
 POST exists 
 POSY exists 
 POTS exists 
 POUF exists 
 POUR exists 
 POUT exists 
 POWS exists 
 PRAM exists 
 PRAT exists 
 PRAY exists 
 PREP exists 
 PREY exists 
 PREZ exists 
 PRIG exists 
 PRIM exists 
 PROD exists 
 PROF exists 
 PROM exists 
 PROP exists 
 PROS exists 
 PROW exists 
 PSST exists 
 PUBS exists 
 PUCE exists 
 PUCK exists 
 PUFF exists 
 PUKE exists 
 PULE exists 
 PULL exists 
 PULP exists 
 PUMA exists 
 PUMP exists 
 PUNK exists 
 PUNS exists 
 PUNT exists 
 PUNY exists 
 PUPS exists 
 PURE exists 
 PURL exists 
 PURR exists 
 PUSH exists 
 PUSS exists 
 PUTS exists 
 PYRE exists 
 QINS exists 
 QTIP exists 
 QUAD exists 
 QUAG exists 
 QUAY exists 
 QUID exists 
 QUIP exists 
 QUIT exists 
 QUIZ exists 
 RACE exists 
 RACK exists 
 RACY exists 
 RADS exists 
 RAFT exists 
 RAGE exists 
 RAID exists 
 RAIL exists 
 RAIN exists 
 RAJA exists 
 RAKE exists 
 RALE exists 
 RAMP exists 
 RAMS exists 
 RANG exists 
 RANI exists 
 RANK exists 
 RANS exists 
 RANT exists 
 RAPE exists 
 RAPS exists 
 RAPT exists 
 RARE exists 
 RASH exists 
 RASP exists 
 RATE exists 
 RAVE exists 
 RAWS exists 
 RAYE exists 
 RAYS exists 
 RAZE exists 
 RAZZ exists 
 READ exists 
 REAL exists 
 REAM exists 
 REAP exists 
 REAR exists 
 RECK exists 
 RECS exists 
 REDO exists 
 REDS exists 
 REED exists 
 REEF exists 
 REEK exists 
 REEL exists 
 REFS exists 
 REFT exists 
 REGS exists 
 REIN exists 
 RELY exists 
 REND exists 
 RENT exists 
 REPS exists 
 RESS exists 
 REST exists 
 RETE exists 
 RETS exists 
 REVS exists 
 RIAS exists 
 RIBS exists 
 RICE exists 
 RICH exists 
 RICK exists 
 RIDE exists 
 RIDS exists 
 RIFE exists 
 RIFF exists 
 RIFT exists 
 RIGS exists 
 RILE exists 
 RILL exists 
 RIMA exists 
 RIME exists 
 RIMS exists 
 RIMY exists 
 RIND exists 
 RING exists 
 RINK exists 
 RIOT exists 
 RIPE exists 
 RIPS exists 
 RISE exists 
 RISK exists 
 RITE exists 
 RIVE exists 
 RIZZ exists 
 ROAD exists 
 ROAM exists 
 ROAN exists 
 ROAR exists 
 ROBE exists 
 ROBS exists 
 ROCK exists 
 RODE exists 
 RODS exists 
 ROES exists 
 ROIL exists 
 ROLE exists 
 ROLF exists 
 ROLL exists 
 ROMP exists 
 ROOD exists 
 ROOF exists 
 ROOK exists 
 ROOM exists 
 ROOT exists 
 ROPE exists 
 ROPY exists 
 ROSE exists 
 ROSY exists 
 ROTA exists 
 ROTE exists 
 ROTS exists 
 ROUE exists 
 ROUP exists 
 ROUT exists 
 ROVE exists 
 ROWS exists 
 RUBE exists 
 RUBS exists 
 RUBY exists 
 RUCK exists 
 RUDE exists 
 RUED exists 
 RUER exists 
 RUES exists 
 RUFF exists 
 RUGS exists 
 RUIN exists 
 RULE exists 
 RUMP exists 
 RUMS exists 
 RUNE exists 
 RUNG exists 
 RUNS exists 
 RUNT exists 
 RUSE exists 
 RUSH exists 
 RUSK exists 
 RUST exists 
 RUTH exists 
 RUTS exists 
 RYER exists 
 RYES exists 
 RYND exists 
 SACK exists 
 SACS exists 
 SAFE exists 
 SAGA exists 
 SAGE exists 
 SAGS exists 
 SAID exists 
 SAIL exists 
 SAKE exists 
 SALE exists 
 SALT exists 
 SAME exists 
 SAMP exists 
 SAND exists 
 SANE exists 
 SANG exists 
 SANK exists 
 SANS exists 
 SARK exists 
 SASH exists 
 SASS exists 
 SATE exists 
 SAVE exists 
 SAWN exists 
 SAWS exists 
 SAYS exists 
 SCAB exists 
 SCAD exists 
 SCAG exists 
 SCAM exists 
 SCAN exists 
 SCAR exists 
 SCAT exists 
 SCOW exists 
 SCUD exists 
 SCUM exists 
 SEAL exists 
 SEAM exists 
 SEAR exists 
 SEAS exists 
 SEAT exists 
 SECT exists 
 SEED exists 
 SEEK exists 
 SEEM exists 
 SEEN exists 
 SEEP exists 
 SEER exists 
 SEES exists 
 SELF exists 
 SELL exists 
 SEMI exists 
 SEND exists 
 SENT exists 
 SERE exists 
 SERF exists 
 SETS exists 
 SEWN exists 
 SEWS exists 
 SEXY exists 
 SHAG exists 
 SHAH exists 
 SHAM exists 
 SHAY exists 
 SHED exists 
 SHIM exists 
 SHIN exists 
 SHIP exists 
 SHIT exists 
 SHIV exists 
 SHOD exists 
 SHOE exists 
 SHOO exists 
 SHOP exists 
 SHOT exists 
 SHOW exists 
 SHUL exists 
 SHUN exists 
 SHUT exists 
 SIBS exists 
 SICK exists 
 SICS exists 
 SIDE exists 
 SIFT exists 
 SIGH exists 
 SIGN exists 
 SILK exists 
 SILL exists 
 SILO exists 
 SILT exists 
 SING exists 
 SINK exists 
 SIRE exists 
 SIRS exists 
 SITE exists 
 SITS exists 
 SITU exists 
 SIZE exists 
 SKED exists 
 SKEW exists 
 SKID exists 
 SKIM exists 
 SKIN exists 
 SKIP exists 
 SKIT exists 
 SLAB exists 
 SLAG exists 
 SLAM exists 
 SLAP exists 
 SLAT exists 
 SLAY exists 
 SLED exists 
 SLEW exists 
 SLID exists 
 SLIM exists 
 SLIP exists 
 SLIT exists 
 SLOB exists 
 SLOE exists 
 SLOG exists 
 SLOP exists 
 SLOT exists 
 SLOW exists 
 SLUB exists 
 SLUE exists 
 SLUG exists 
 SLUM exists 
 SLUR exists 
 SLUT exists 
 SMOG exists 
 SMUG exists 
 SMUT exists 
 SNAG exists 
 SNAP exists 
 SNIP exists 
 SNIT exists 
 SNOB exists 
 SNOG exists 
 SNOW exists 
 SNUB exists 
 SNUG exists 
 SOAK exists 
 SOAP exists 
 SOAR exists 
 SOBS exists 
 SOCK exists 
 SODA exists 
 SODS exists 
 SOER exists 
 SOFA exists 
 SOFT exists 
 SOIL exists 
 SOLD exists 
 SOLE exists 
 SOLO exists 
 SOLS exists 
 SOMA exists 
 SOME exists 
 SONG exists 
 SONS exists 
 SOON exists 
 SOOT exists 
 SOPS exists 
 SORE exists 
 SORT exists 
 SOSO exists 
 SOTS exists 
 SOUL exists 
 SOUP exists 
 SOUR exists 
 SOWN exists 
 SOWS exists 
 SPAM exists 
 SPAN exists 
 SPAR exists 
 SPAS exists 
 SPAT exists 
 SPAY exists 
 SPEC exists 
 SPED exists 
 SPEW exists 
 SPIN exists 
 SPIT exists 
 SPOT exists 
 SPRY exists 
 SPUD exists 
 SPUN exists 
 SPUR exists 
 SSDD exists 
 STAB exists 
 STAG exists 
 STAR exists 
 STAT exists 
 STAY exists 
 STEM exists 
 STEP exists 
 STEW exists 
 STIR exists 
 STOA exists 
 STOP exists 
 STOW exists 
 STUB exists 
 STUD exists 
 STUN exists 
 SUBS exists 
 SUCH exists 
 SUCK exists 
 SUDS exists 
 SUED exists 
 SUER exists 
 SUES exists 
 SUET exists 
 SUIT exists 
 SULK exists 
 SUMP exists 
 SUMS exists 
 SUNG exists 
 SUNK exists 
 SUNS exists 
 SUPS exists 
 SURD exists 
 SURE exists 
 SURF exists 
 SWAB exists 
 SWAG exists 
 SWAM exists 
 SWAP exists 
 SWAT exists 
 SWAY exists 
 SWEG exists 
 SWIG exists 
 SWIM exists 
 SWOP exists 
 SYNC exists 
 TABS exists 
 TABU exists 
 TACK exists 
 TACT exists 
 TADS exists 
 TAGS exists 
 TAIL exists 
 TAKE exists 
 TALC exists 
 TALE exists 
 TALK exists 
 TALL exists 
 TAME exists 
 TAMP exists 
 TAMS exists 
 TANG exists 
 TANK exists 
 TAPE exists 
 TAPS exists 
 TARE exists 
 TARN exists 
 TARO exists 
 TARP exists 
 TARS exists 
 TART exists 
 TASK exists 
 TATA exists 
 TATS exists 
 TAUT exists 
 TAWS exists 
 TAXI exists 
 TEAL exists 
 TEAM exists 
 TEAR exists 
 TEAS exists 
 TEAT exists 
 TECH exists 
 TECS exists 
 TEEM exists 
 TEEN exists 
 TEHS exists 
 TELL exists 
 TEMP exists 
 TEND exists 
 TENT exists 
 TERM exists 
 TERN exists 
 TEST exists 
 TEXT exists 
 THAT exists 
 THAW exists 
 THEM exists 
 THEN exists 
 THEW exists 
 THEY exists 
 THIN exists 
 THIS exists 
 THUD exists 
 THUG exists 
 THUS exists 
 TICK exists 
 TICS exists 
 TIDE exists 
 TIDY exists 
 TIER exists 
 TIES exists 
 TIFF exists 
 TILE exists 
 TILL exists 
 TILT exists 
 TIME exists 
 TINE exists 
 TING exists 
 TINS exists 
 TINT exists 
 TINY exists 
 TIPS exists 
 TIRE exists 
 TOAD exists 
 TOBY exists 
 TODO exists 
 TOES exists 
 TOFF exists 
 TOGA exists 
 TOIL exists 
 TOLD exists 
 TOLL exists 
 TOMB exists 
 TOME exists 
 TOMS exists 
 TONE exists 
 TONY exists 
 TOOK exists 
 TOOL exists 
 TOOT exists 
 TOPS exists 
 TORE exists 
 TORN exists 
 TORS exists 
 TORT exists 
 TOSS exists 
 TOTE exists 
 TOTO exists 
 TOTS exists 
 TOUR exists 
 TOUT exists 
 TOWN exists 
 TOWS exists 
 TOYS exists 
 TRAM exists 
 TRAP exists 
 TRAY exists 
 TREE exists 
 TREK exists 
 TREY exists 
 TRIG exists 
 TRIM exists 
 TRIO exists 
 TRIP exists 
 TROD exists 
 TROT exists 
 TROY exists 
 TRUE exists 
 TSAR exists 
 TSIN exists 
 TUBE exists 
 TUBS exists 
 TUCK exists 
 TUFT exists 
 TUGS exists 
 TUNE exists 
 TUNS exists 
 TURF exists 
 TURN exists 
 TUSH exists 
 TUSK exists 
 TUTU exists 
 TWEE exists 
 TWIG exists 
 TWIN exists 
 TWIT exists 
 TWOS exists 
 TYKE exists 
 TYPE exists 
 TYPO exists 
 TYRO exists 
 TZAR exists 
 UGHS exists 
 UGLY exists 
 UHOH exists 
 ULNA exists 
 UMPS exists 
 UNDO exists 
 UNDY exists 
 UNIT exists 
 UNTO exists 
 UPON exists 
 UPSS exists 
 URGE exists 
 URNS exists 
 USED exists 
 USER exists 
 USES exists 
 VAIN exists 
 VALE exists 
 VAMP exists 
 VANE exists 
 VANS exists 
 VARY exists 
 VASE exists 
 VAST exists 
 VATS exists 
 VEAL exists 
 VEER exists 
 VEIL exists 
 VEIN exists 
 VEND exists 
 VENT exists 
 VERB exists 
 VERT exists 
 VERY exists 
 VEST exists 
 VETO exists 
 VETS exists 
 VIAL exists 
 VIAS exists 
 VICE exists 
 VIED exists 
 VIER exists 
 VIEW exists 
 VIGS exists 
 VILE exists 
 VIMS exists 
 VINE exists 
 VISA exists 
 VISE exists 
 VITA exists 
 VOID exists 
 VOTE exists 
 VOWS exists 
 VTRS exists 
 WACK exists 
 WADE exists 
 WADI exists 
 WADS exists 
 WAFT exists 
 WAGE exists 
 WAGS exists 
 WAIF exists 
 WAIL exists 
 WAIN exists 
 WAIT exists 
 WAKE exists 
 WALE exists 
 WALK exists 
 WALL exists 
 WAND exists 
 WANE exists 
 WANS exists 
 WANT exists 
 WARD exists 
 WARE exists 
 WARM exists 
 WARN exists 
 WARP exists 
 WARS exists 
 WART exists 
 WARY exists 
 WASH exists 
 WAVE exists 
 WAVY exists 
 WAXY exists 
 WAYS exists 
 WEAK exists 
 WEAL exists 
 WEAN exists 
 WEAR exists 
 WEBS exists 
 WEDS exists 
 WEED exists 
 WEEK exists 
 WEEP exists 
 WEER exists 
 WEFT exists 
 WEIR exists 
 WELD exists 
 WELL exists 
 WELT exists 
 WEND exists 
 WENS exists 
 WENT exists 
 WEPT exists 
 WERE exists 
 WETS exists 
 WHAM exists 
 WHEN exists 
 WHET exists 
 WHEW exists 
 WHIM exists 
 WHIP exists 
 WHIR exists 
 WHIT exists 
 WHIZ exists 
 WHOP exists 
 WHOS exists 
 WHUP exists 
 WHYS exists 
 WIDE exists 
 WIFE exists 
 WIGS exists 
 WILD exists 
 WILE exists 
 WILL exists 
 WILT exists 
 WILY exists 
 WIMP exists 
 WIND exists 
 WINE exists 
 WING exists 
 WINK exists 
 WINO exists 
 WINS exists 
 WIPE exists 
 WIRE exists 
 WIRY exists 
 WISE exists 
 WISH exists 
 WISP exists 
 WITH exists 
 WOES exists 
 WOKE exists 
 WOKS exists 
 WOLF exists 
 WOMB exists 
 WONK exists 
 WONS exists 
 WONT exists 
 WOOD exists 
 WOOF exists 
 WOOL exists 
 WOOS exists 
 WORD exists 
 WORE exists 
 WORK exists 
 WORM exists 
 WORN exists 
 WOST exists 
 WOVE exists 
 WOWS exists 
 WRAP exists 
 WREN exists 
 WRIT exists 
 WUSS exists 
 XING exists 
 XRAY exists 
 YACK exists 
 YAKS exists 
 YAMS exists 
 YANK exists 
 YAPS exists 
 YARD exists 
 YARN exists 
 YAWL exists 
 YAWN exists 
 YAWP exists 
 YEAH exists 
 YEAR exists 
 YEAS exists 
 YEGG exists 
 YELL exists 
 YELP exists 
 YENS exists 
 YEPS exists 
 YETI exists 
 YOGI exists 
 YOKE exists 
 YOLK exists 
 YORE exists 
 YOUR exists 
 YOWL exists 
 YOYO exists 
 YUCK exists 
 YURT exists 
 ZANY exists 
 ZAPS exists 
 ZEAL exists 
 ZERO exists 
 ZEST exists 
 ZINC exists 
 ZING exists 
 ZIPS exists 
 ZITI exists 
 ZITS exists 
 ZONE exists 
 ZOOM exists 
 ZOOS exists 
 ZORI exists 
