 PU1KDS = K D S (Kilo Delta Sierra) [-.- -.. ...]
 PU1KGO = K G O (Kilo Golf Oscar) [-.- --. ---]
 PU1KGR = K G R (Kilo Golf Romeo) [-.- --. .-.]
 PU1KGU = K G U (Kilo Golf Uniform) [-.- --. ..-]
 PU1KGW = K G W (Kilo Golf Whiskey) [-.- --. .--]
 PU1KOD = K O D (Kilo Oscar Delta) [-.- --- -..]
 PU1KOG = K O G (Kilo Oscar Golf) [-.- --- --.]
 PU1KOR = K O R (Kilo Oscar Romeo) [-.- --- .-.]
 PU1KOU = K O U (Kilo Oscar Uniform) [-.- --- ..-]
 PU1KOW = K O W (Kilo Oscar Whiskey) [-.- --- .--]
 PU1KRD = K R D (Kilo Romeo Delta) [-.- .-. -..]
 PU1KRG = K R G (Kilo Romeo Golf) [-.- .-. --.]
 PU1KRO = K R O (Kilo Romeo Oscar) [-.- .-. ---]
 PU1KRW = K R W (Kilo Romeo Whiskey) [-.- .-. .--]
 PU1KSG = K S G (Kilo Sierra Golf) [-.- ... --.]
 PU1KSO = K S O (Kilo Sierra Oscar) [-.- ... ---]
 PU1KSR = K S R (Kilo Sierra Romeo) [-.- ... .-.]
 PU1KSW = K S W (Kilo Sierra Whiskey) [-.- ... .--]
 PU1KUD = K U D (Kilo Uniform Delta) [-.- ..- -..]
 PU1KUG = K U G (Kilo Uniform Golf) [-.- ..- --.]
 PU1KUO = K U O (Kilo Uniform Oscar) [-.- ..- ---]
 PU1KUR = K U R (Kilo Uniform Romeo) [-.- ..- .-.]
 PU1KUS = K U S (Kilo Uniform Sierra) [-.- ..- ...]
 PU1KUW = K U W (Kilo Uniform Whiskey) [-.- ..- .--]
 PU1KWD = K W D (Kilo Whiskey Delta) [-.- .-- -..]
 PU1KWO = K W O (Kilo Whiskey Oscar) [-.- .-- ---]
 PU1KWR = K W R (Kilo Whiskey Romeo) [-.- .-- .-.]
 PU1KWS = K W S (Kilo Whiskey Sierra) [-.- .-- ...]
 PU1KWU = K W U (Kilo Whiskey Uniform) [-.- .-- ..-]
 PU1ODG = O D G (Oscar Delta Golf) [--- -.. --.]
 PU1ODK = O D K (Oscar Delta Kilo) [--- -.. -.-]
 PU1ODR = O D R (Oscar Delta Romeo) [--- -.. .-.]
 PU1ODS = O D S (Oscar Delta Sierra) [--- -.. ...]
 PU1ODU = O D U (Oscar Delta Uniform) [--- -.. ..-]
 PU1ODW = O D W (Oscar Delta Whiskey) [--- -.. .--]
 PU1OGD = O G D (Oscar Golf Delta) [--- --. -..]
 PU1OGK = O G K (Oscar Golf Kilo) [--- --. -.-]
 PU1OGS = O G S (Oscar Golf Sierra) [--- --. ...]
 PU1OGU = O G U (Oscar Golf Uniform) [--- --. ..-]
 PU1OGW = O G W (Oscar Golf Whiskey) [--- --. .--]
 PU1OKD = O K D (Oscar Kilo Delta) [--- -.- -..]
 PU1OKG = O K G (Oscar Kilo Golf) [--- -.- --.]
 PU1OKR = O K R (Oscar Kilo Romeo) [--- -.- .-.]
 PU1OKS = O K S (Oscar Kilo Sierra) [--- -.- ...]
 PU1OKU = O K U (Oscar Kilo Uniform) [--- -.- ..-]
 PU1ORD = O R D (Oscar Romeo Delta) [--- .-. -..]
 PU1ORG = O R G (Oscar Romeo Golf) [--- .-. --.]
 PU1ORK = O R K (Oscar Romeo Kilo) [--- .-. -.-]
 PU1ORS = O R S (Oscar Romeo Sierra) [--- .-. ...]
 PU1ORU = O R U (Oscar Romeo Uniform) [--- .-. ..-]
 PU1ORW = O R W (Oscar Romeo Whiskey) [--- .-. .--]
 PU1OSK = O S K (Oscar Sierra Kilo) [--- ... -.-]
 PU1OSU = O S U (Oscar Sierra Uniform) [--- ... ..-]
 PU1OSW = O S W (Oscar Sierra Whiskey) [--- ... .--]
 PU1OUD = O U D (Oscar Uniform Delta) [--- ..- -..]
 PU1OUG = O U G (Oscar Uniform Golf) [--- ..- --.]
 PU1OUK = O U K (Oscar Uniform Kilo) [--- ..- -.-]
 PU1OUR = O U R (Oscar Uniform Romeo) [--- ..- .-.]
 PU1OUS = O U S (Oscar Uniform Sierra) [--- ..- ...]
 PU1OUW = O U W (Oscar Uniform Whiskey) [--- ..- .--]
 PU1OWD = O W D (Oscar Whiskey Delta) [--- .-- -..]
 PU1OWG = O W G (Oscar Whiskey Golf) [--- .-- --.]
 PU1OWK = O W K (Oscar Whiskey Kilo) [--- .-- -.-]
 PU1OWR = O W R (Oscar Whiskey Romeo) [--- .-- .-.]
 PU1OWS = O W S (Oscar Whiskey Sierra) [--- .-- ...]
 PU1OWU = O W U (Oscar Whiskey Uniform) [--- .-- ..-]
 PU1RDU = R D U (Romeo Delta Uniform) [.-. -.. ..-]
 PU1RDW = R D W (Romeo Delta Whiskey) [.-. -.. .--]
 PU1RKD = R K D (Romeo Kilo Delta) [.-. -.- -..]
 PU1RKG = R K G (Romeo Kilo Golf) [.-. -.- --.]
 PU1RKS = R K S (Romeo Kilo Sierra) [.-. -.- ...]
 PU1RKU = R K U (Romeo Kilo Uniform) [.-. -.- ..-]
 PU1ROU = R O U (Romeo Oscar Uniform) [.-. --- ..-]
 PU1ROW = R O W (Romeo Oscar Whiskey) [.-. --- .--]
 PU1RSK = R S K (Romeo Sierra Kilo) [.-. ... -.-]
 PU1RSU = R S U (Romeo Sierra Uniform) [.-. ... ..-]
 PU1RSW = R S W (Romeo Sierra Whiskey) [.-. ... .--]
 PU1RUG = R U G (Romeo Uniform Golf) [.-. ..- --.]
 PU1RUO = R U O (Romeo Uniform Oscar) [.-. ..- ---]
 PU1RUW = R U W (Romeo Uniform Whiskey) [.-. ..- .--]
 PU1RWG = R W G (Romeo Whiskey Golf) [.-. .-- --.]
 PU1RWK = R W K (Romeo Whiskey Kilo) [.-. .-- -.-]
 PU1RWO = R W O (Romeo Whiskey Oscar) [.-. .-- ---]
 PU1RWU = R W U (Romeo Whiskey Uniform) [.-. .-- ..-]
 PU1SDU = S D U (Sierra Delta Uniform) [... -.. ..-]
 PU1SDW = S D W (Sierra Delta Whiskey) [... -.. .--]
 PU1SGK = S G K (Sierra Golf Kilo) [... --. -.-]
 PU1SGU = S G U (Sierra Golf Uniform) [... --. ..-]
 PU1SKD = S K D (Sierra Kilo Delta) [... -.- -..]
 PU1SKG = S K G (Sierra Kilo Golf) [... -.- --.]
 PU1SKR = S K R (Sierra Kilo Romeo) [... -.- .-.]
 PU1SKU = S K U (Sierra Kilo Uniform) [... -.- ..-]
 PU1SKW = S K W (Sierra Kilo Whiskey) [... -.- .--]
 PU1SOG = S O G (Sierra Oscar Golf) [... --- --.]
 PU1SOK = S O K (Sierra Oscar Kilo) [... --- -.-]
 PU1SOW = S O W (Sierra Oscar Whiskey) [... --- .--]
 PU1SRU = S R U (Sierra Romeo Uniform) [... .-. ..-]
 PU1SRW = S R W (Sierra Romeo Whiskey) [... .-. .--]
 PU1SUD = S U D (Sierra Uniform Delta) [... ..- -..]
 PU1SUG = S U G (Sierra Uniform Golf) [... ..- --.]
 PU1SUK = S U K (Sierra Uniform Kilo) [... ..- -.-]
 PU1SUO = S U O (Sierra Uniform Oscar) [... ..- ---]
 PU1SUR = S U R (Sierra Uniform Romeo) [... ..- .-.]
 PU1SUW = S U W (Sierra Uniform Whiskey) [... ..- .--]
 PU1SWD = S W D (Sierra Whiskey Delta) [... .-- -..]
 PU1SWG = S W G (Sierra Whiskey Golf) [... .-- --.]
 PU1SWK = S W K (Sierra Whiskey Kilo) [... .-- -.-]
 PU1SWO = S W O (Sierra Whiskey Oscar) [... .-- ---]
 PU1SWU = S W U (Sierra Whiskey Uniform) [... .-- ..-]
 PU1WDG = W D G (Whiskey Delta Golf) [.-- -.. --.]
 PU1WDK = W D K (Whiskey Delta Kilo) [.-- -.. -.-]
 PU1WDO = W D O (Whiskey Delta Oscar) [.-- -.. ---]
 PU1WDU = W D U (Whiskey Delta Uniform) [.-- -.. ..-]
 PU1WGD = W G D (Whiskey Golf Delta) [.-- --. -..]
 PU1WGR = W G R (Whiskey Golf Romeo) [.-- --. .-.]
 PU1WGS = W G S (Whiskey Golf Sierra) [.-- --. ...]
 PU1WGU = W G U (Whiskey Golf Uniform) [.-- --. ..-]
 PU1WKD = W K D (Whiskey Kilo Delta) [.-- -.- -..]
 PU1WKO = W K O (Whiskey Kilo Oscar) [.-- -.- ---]
 PU1WKR = W K R (Whiskey Kilo Romeo) [.-- -.- .-.]
 PU1WKS = W K S (Whiskey Kilo Sierra) [.-- -.- ...]
 PU1WKU = W K U (Whiskey Kilo Uniform) [.-- -.- ..-]
 PU1WOD = W O D (Whiskey Oscar Delta) [.-- --- -..]
 PU1WOK = W O K (Whiskey Oscar Kilo) [.-- --- -.-]
 PU1WOR = W O R (Whiskey Oscar Romeo) [.-- --- .-.]
 PU1WOS = W O S (Whiskey Oscar Sierra) [.-- --- ...]
 PU1WOU = W O U (Whiskey Oscar Uniform) [.-- --- ..-]
 PU1WRD = W R D (Whiskey Romeo Delta) [.-- .-. -..]
 PU1WRK = W R K (Whiskey Romeo Kilo) [.-- .-. -.-]
 PU1WRO = W R O (Whiskey Romeo Oscar) [.-- .-. ---]
 PU1WRU = W R U (Whiskey Romeo Uniform) [.-- .-. ..-]
 PU1WSD = W S D (Whiskey Sierra Delta) [.-- ... -..]
 PU1WSK = W S K (Whiskey Sierra Kilo) [.-- ... -.-]
 PU1WSO = W S O (Whiskey Sierra Oscar) [.-- ... ---]
 PU1WSU = W S U (Whiskey Sierra Uniform) [.-- ... ..-]
 PU1WUD = W U D (Whiskey Uniform Delta) [.-- ..- -..]
 PU1WUG = W U G (Whiskey Uniform Golf) [.-- ..- --.]
 PU1WUK = W U K (Whiskey Uniform Kilo) [.-- ..- -.-]
 PU1WUO = W U O (Whiskey Uniform Oscar) [.-- ..- ---]
 PU1WUR = W U R (Whiskey Uniform Romeo) [.-- ..- .-.]
 PU1WUS = W U S (Whiskey Uniform Sierra) [.-- ..- ...]
