 PU1JQY = J Q Y (Juliett Quebec Yankee) [.--- --.- -.--]
 PU1JYQ = J Y Q (Juliett Yankee Quebec) [.--- -.-- --.-]
 PU1PBC = P B C (Papa Bravo Charlie) [.--. -... -.-.]
 PU1PBQ = P B Q (Papa Bravo Quebec) [.--. -... --.-]
 PU1PBY = P B Y (Papa Bravo Yankee) [.--. -... -.--]
 PU1PCQ = P C Q (Papa Charlie Quebec) [.--. -.-. --.-]
 PU1PCY = P C Y (Papa Charlie Yankee) [.--. -.-. -.--]
 PU1PFB = P F B (Papa Foxtrot Bravo) [.--. ..-. -...]
 PU1PFQ = P F Q (Papa Foxtrot Quebec) [.--. ..-. --.-]
 PU1PJF = P J F (Papa Juliett Foxtrot) [.--. .--- ..-.]
 PU1PJY = P J Y (Papa Juliett Yankee) [.--. .--- -.--]
 PU1PQC = P Q C (Papa Quebec Charlie) [.--. --.- -.-.]
 PU1PQF = P Q F (Papa Quebec Foxtrot) [.--. --.- ..-.]
 PU1PQJ = P Q J (Papa Quebec Juliett) [.--. --.- .---]
 PU1PQY = P Q Y (Papa Quebec Yankee) [.--. --.- -.--]
 PU1PYF = P Y F (Papa Yankee Foxtrot) [.--. -.-- ..-.]
 PU1PYJ = P Y J (Papa Yankee Juliett) [.--. -.-- .---]
 PU1PYQ = P Y Q (Papa Yankee Quebec) [.--. -.-- --.-]
 PU1YBF = Y B F (Yankee Bravo Foxtrot) [-.-- -... ..-.]
 PU1YBJ = Y B J (Yankee Bravo Juliett) [-.-- -... .---]
 PU1YBP = Y B P (Yankee Bravo Papa) [-.-- -... .--.]
 PU1YBQ = Y B Q (Yankee Bravo Quebec) [-.-- -... --.-]
 PU1YCF = Y C F (Yankee Charlie Foxtrot) [-.-- -.-. ..-.]
 PU1YCQ = Y C Q (Yankee Charlie Quebec) [-.-- -.-. --.-]
 PU1YFC = Y F C (Yankee Foxtrot Charlie) [-.-- ..-. -.-.]
 PU1YFJ = Y F J (Yankee Foxtrot Juliett) [-.-- ..-. .---]
 PU1YFQ = Y F Q (Yankee Foxtrot Quebec) [-.-- ..-. --.-]
 PU1YJB = Y J B (Yankee Juliett Bravo) [-.-- .--- -...]
 PU1YJC = Y J C (Yankee Juliett Charlie) [-.-- .--- -.-.]
 PU1YJP = Y J P (Yankee Juliett Papa) [-.-- .--- .--.]
 PU1YJQ = Y J Q (Yankee Juliett Quebec) [-.-- .--- --.-]
 PU1YPB = Y P B (Yankee Papa Bravo) [-.-- .--. -...]
 PU1YPJ = Y P J (Yankee Papa Juliett) [-.-- .--. .---]
 PU1YPQ = Y P Q (Yankee Papa Quebec) [-.-- .--. --.-]
 PU1YQB = Y Q B (Yankee Quebec Bravo) [-.-- --.- -...]
 PU1YQC = Y Q C (Yankee Quebec Charlie) [-.-- --.- -.-.]
 PU1YQF = Y Q F (Yankee Quebec Foxtrot) [-.-- --.- ..-.]
 PU1YQJ = Y Q J (Yankee Quebec Juliett) [-.-- --.- .---]
 PU1YQP = Y Q P (Yankee Quebec Papa) [-.-- --.- .--.]
